2025-04-30T01:48:34.419+03:00  INFO 46265 --- [notify-bot] [main] c.e.telegrambot.TelegramBotApplication   : Starting TelegramBotApplication using Java 17.0.14 with PID 46265 (/home/artur/IdeaProjects/NotifyTaskBot/telegram-bot/target/classes started by artur in /home/artur/IdeaProjects/NotifyTaskBot)
2025-04-30T01:48:34.425+03:00 DEBUG 46265 --- [notify-bot] [main] c.e.telegrambot.TelegramBotApplication   : Running with Spring Boot v3.4.4, Spring v6.2.5
2025-04-30T01:48:34.426+03:00  INFO 46265 --- [notify-bot] [main] c.e.telegrambot.TelegramBotApplication   : No active profile set, falling back to 1 default profile: "default"
2025-04-30T01:48:34.575+03:00  WARN 46265 --- [notify-bot] [main] s.c.a.AnnotationConfigApplicationContext : Exception encountered during context initialization - cancelling refresh attempt: org.springframework.beans.factory.BeanDefinitionStoreException: Failed to parse configuration class [com.example.telegrambot.TelegramBotApplication]
2025-04-30T01:48:34.604+03:00 ERROR 46265 --- [notify-bot] [main] o.s.boot.SpringApplication               : Application run failed

org.springframework.beans.factory.BeanDefinitionStoreException: Failed to parse configuration class [com.example.telegrambot.TelegramBotApplication]
	at org.springframework.context.annotation.ConfigurationClassParser.parse(ConfigurationClassParser.java:193) ~[spring-context-6.2.5.jar:6.2.5]
	at org.springframework.context.annotation.ConfigurationClassPostProcessor.processConfigBeanDefinitions(ConfigurationClassPostProcessor.java:418) ~[spring-context-6.2.5.jar:6.2.5]
	at org.springframework.context.annotation.ConfigurationClassPostProcessor.postProcessBeanDefinitionRegistry(ConfigurationClassPostProcessor.java:290) ~[spring-context-6.2.5.jar:6.2.5]
	at org.springframework.context.support.PostProcessorRegistrationDelegate.invokeBeanDefinitionRegistryPostProcessors(PostProcessorRegistrationDelegate.java:349) ~[spring-context-6.2.5.jar:6.2.5]
	at org.springframework.context.support.PostProcessorRegistrationDelegate.invokeBeanFactoryPostProcessors(PostProcessorRegistrationDelegate.java:118) ~[spring-context-6.2.5.jar:6.2.5]
	at org.springframework.context.support.AbstractApplicationContext.invokeBeanFactoryPostProcessors(AbstractApplicationContext.java:791) ~[spring-context-6.2.5.jar:6.2.5]
	at org.springframework.context.support.AbstractApplicationContext.refresh(AbstractApplicationContext.java:609) ~[spring-context-6.2.5.jar:6.2.5]
	at org.springframework.boot.SpringApplication.refresh(SpringApplication.java:752) ~[spring-boot-3.4.4.jar:3.4.4]
	at org.springframework.boot.SpringApplication.refreshContext(SpringApplication.java:439) ~[spring-boot-3.4.4.jar:3.4.4]
	at org.springframework.boot.SpringApplication.run(SpringApplication.java:318) ~[spring-boot-3.4.4.jar:3.4.4]
	at org.springframework.boot.SpringApplication.run(SpringApplication.java:1361) ~[spring-boot-3.4.4.jar:3.4.4]
	at org.springframework.boot.SpringApplication.run(SpringApplication.java:1350) ~[spring-boot-3.4.4.jar:3.4.4]
	at com.example.telegrambot.TelegramBotApplication.main(TelegramBotApplication.java:13) ~[classes/:na]
Caused by: org.springframework.context.annotation.ConflictingBeanDefinitionException: Annotation-specified bean name 'webAppCommand' for bean class [com.example.telegrambot.handler.commands.WebAppCommand] conflicts with existing, non-compatible bean definition of same name and class [com.example.telegrambot.BotConfig.WebAppCommand]
	at org.springframework.context.annotation.ClassPathBeanDefinitionScanner.checkCandidate(ClassPathBeanDefinitionScanner.java:361) ~[spring-context-6.2.5.jar:6.2.5]
	at org.springframework.context.annotation.ClassPathBeanDefinitionScanner.doScan(ClassPathBeanDefinitionScanner.java:288) ~[spring-context-6.2.5.jar:6.2.5]
	at org.springframework.context.annotation.ComponentScanAnnotationParser.parse(ComponentScanAnnotationParser.java:128) ~[spring-context-6.2.5.jar:6.2.5]
	at org.springframework.context.annotation.ConfigurationClassParser.doProcessConfigurationClass(ConfigurationClassParser.java:345) ~[spring-context-6.2.5.jar:6.2.5]
	at org.springframework.context.annotation.ConfigurationClassParser.processConfigurationClass(ConfigurationClassParser.java:280) ~[spring-context-6.2.5.jar:6.2.5]
	at org.springframework.context.annotation.ConfigurationClassParser.parse(ConfigurationClassParser.java:203) ~[spring-context-6.2.5.jar:6.2.5]
	at org.springframework.context.annotation.ConfigurationClassParser.parse(ConfigurationClassParser.java:172) ~[spring-context-6.2.5.jar:6.2.5]
	... 12 common frames omitted

2025-04-30T01:49:55.022+03:00  INFO 46610 --- [notify-bot] [main] c.e.telegrambot.TelegramBotApplication   : Starting TelegramBotApplication using Java 17.0.14 with PID 46610 (/home/artur/IdeaProjects/NotifyTaskBot/telegram-bot/target/classes started by artur in /home/artur/IdeaProjects/NotifyTaskBot)
2025-04-30T01:49:55.025+03:00 DEBUG 46610 --- [notify-bot] [main] c.e.telegrambot.TelegramBotApplication   : Running with Spring Boot v3.4.4, Spring v6.2.5
2025-04-30T01:49:55.026+03:00  INFO 46610 --- [notify-bot] [main] c.e.telegrambot.TelegramBotApplication   : No active profile set, falling back to 1 default profile: "default"
2025-04-30T01:49:56.057+03:00  INFO 46610 --- [notify-bot] [main] c.e.telegrambot.TelegramBotApplication   : Started TelegramBotApplication in 1.668 seconds (process running for 2.278)
2025-04-30T02:12:46.959+03:00  INFO 48935 --- [notify-bot] [main] c.e.telegrambot.TelegramBotApplication   : Starting TelegramBotApplication using Java 17.0.14 with PID 48935 (/home/artur/IdeaProjects/NotifyTaskBot/telegram-bot/target/classes started by artur in /home/artur/IdeaProjects/NotifyTaskBot)
2025-04-30T02:12:46.962+03:00 DEBUG 48935 --- [notify-bot] [main] c.e.telegrambot.TelegramBotApplication   : Running with Spring Boot v3.4.4, Spring v6.2.5
2025-04-30T02:12:46.964+03:00  INFO 48935 --- [notify-bot] [main] c.e.telegrambot.TelegramBotApplication   : No active profile set, falling back to 1 default profile: "default"
2025-04-30T02:12:48.140+03:00  INFO 48935 --- [notify-bot] [main] c.e.telegrambot.TelegramBotApplication   : Started TelegramBotApplication in 1.764 seconds (process running for 2.381)
2025-04-30T02:17:02.464+03:00 ERROR 48935 --- [notify-bot] [MacanSwag_bot Telegram Connection] o.t.t.u.DefaultBotSession                : api.telegram.org:443 failed to respond

org.apache.http.NoHttpResponseException: api.telegram.org:443 failed to respond
	at org.apache.http.impl.conn.DefaultHttpResponseParser.parseHead(DefaultHttpResponseParser.java:141) ~[httpclient-4.5.14.jar:4.5.14]
	at org.apache.http.impl.conn.DefaultHttpResponseParser.parseHead(DefaultHttpResponseParser.java:56) ~[httpclient-4.5.14.jar:4.5.14]
	at org.apache.http.impl.io.AbstractMessageParser.parse(AbstractMessageParser.java:259) ~[httpcore-4.4.16.jar:4.4.16]
	at org.apache.http.impl.DefaultBHttpClientConnection.receiveResponseHeader(DefaultBHttpClientConnection.java:163) ~[httpcore-4.4.16.jar:4.4.16]
	at org.apache.http.impl.conn.CPoolProxy.receiveResponseHeader(CPoolProxy.java:157) ~[httpclient-4.5.14.jar:4.5.14]
	at org.apache.http.protocol.HttpRequestExecutor.doReceiveResponse(HttpRequestExecutor.java:273) ~[httpcore-4.4.16.jar:4.4.16]
	at org.apache.http.protocol.HttpRequestExecutor.execute(HttpRequestExecutor.java:125) ~[httpcore-4.4.16.jar:4.4.16]
	at org.apache.http.impl.execchain.MainClientExec.execute(MainClientExec.java:272) ~[httpclient-4.5.14.jar:4.5.14]
	at org.apache.http.impl.execchain.ProtocolExec.execute(ProtocolExec.java:186) ~[httpclient-4.5.14.jar:4.5.14]
	at org.apache.http.impl.execchain.RetryExec.execute(RetryExec.java:89) ~[httpclient-4.5.14.jar:4.5.14]
	at org.apache.http.impl.execchain.RedirectExec.execute(RedirectExec.java:110) ~[httpclient-4.5.14.jar:4.5.14]
	at org.apache.http.impl.client.InternalHttpClient.doExecute(InternalHttpClient.java:185) ~[httpclient-4.5.14.jar:4.5.14]
	at org.apache.http.impl.client.CloseableHttpClient.execute(CloseableHttpClient.java:83) ~[httpclient-4.5.14.jar:4.5.14]
	at org.telegram.telegrambots.updatesreceivers.DefaultBotSession$ReaderThread.getUpdatesFromServer(DefaultBotSession.java:249) ~[telegrambots-6.9.7.1.jar:na]
	at org.telegram.telegrambots.updatesreceivers.DefaultBotSession$ReaderThread.run(DefaultBotSession.java:188) ~[telegrambots-6.9.7.1.jar:na]

2025-04-30T02:30:14.096+03:00  INFO 52140 --- [notify-bot] [main] c.e.telegrambot.TelegramBotApplication   : Starting TelegramBotApplication using Java 17.0.14 with PID 52140 (/home/artur/IdeaProjects/NotifyTaskBot/telegram-bot/target/classes started by artur in /home/artur/IdeaProjects/NotifyTaskBot)
2025-04-30T02:30:14.100+03:00 DEBUG 52140 --- [notify-bot] [main] c.e.telegrambot.TelegramBotApplication   : Running with Spring Boot v3.4.4, Spring v6.2.5
2025-04-30T02:30:14.102+03:00  INFO 52140 --- [notify-bot] [main] c.e.telegrambot.TelegramBotApplication   : No active profile set, falling back to 1 default profile: "default"
2025-04-30T02:30:15.327+03:00  INFO 52140 --- [notify-bot] [main] c.e.telegrambot.TelegramBotApplication   : Started TelegramBotApplication in 1.855 seconds (process running for 2.469)
